Archive member included to satisfy reference by file (symbol)

c:/siliconlabs/simplicitystudio/v4/developer/toolchains/gnu_arm/7.2_2017q4/bin/../lib/gcc/arm-none-eabi/7.2.1/thumb/v7-m\libgcc.a(_aeabi_uldivmod.o)
                              ./emlib/em_usart.o (__aeabi_uldivmod)
c:/siliconlabs/simplicitystudio/v4/developer/toolchains/gnu_arm/7.2_2017q4/bin/../lib/gcc/arm-none-eabi/7.2.1/thumb/v7-m\libgcc.a(_udivmoddi4.o)
                              c:/siliconlabs/simplicitystudio/v4/developer/toolchains/gnu_arm/7.2_2017q4/bin/../lib/gcc/arm-none-eabi/7.2.1/thumb/v7-m\libgcc.a(_aeabi_uldivmod.o) (__udivmoddi4)
c:/siliconlabs/simplicitystudio/v4/developer/toolchains/gnu_arm/7.2_2017q4/bin/../lib/gcc/arm-none-eabi/7.2.1/thumb/v7-m\libgcc.a(_dvmd_tls.o)
                              c:/siliconlabs/simplicitystudio/v4/developer/toolchains/gnu_arm/7.2_2017q4/bin/../lib/gcc/arm-none-eabi/7.2.1/thumb/v7-m\libgcc.a(_aeabi_uldivmod.o) (__aeabi_ldiv0)
c:/siliconlabs/simplicitystudio/v4/developer/toolchains/gnu_arm/7.2_2017q4/bin/../lib/gcc/arm-none-eabi/7.2.1/../../../../arm-none-eabi/lib/thumb/v7-m\libc_nano.a(lib_a-exit.o)
                              c:/siliconlabs/simplicitystudio/v4/developer/toolchains/gnu_arm/7.2_2017q4/bin/../lib/gcc/arm-none-eabi/7.2.1/../../../../arm-none-eabi/lib/thumb/v7-m/crt0.o (exit)
c:/siliconlabs/simplicitystudio/v4/developer/toolchains/gnu_arm/7.2_2017q4/bin/../lib/gcc/arm-none-eabi/7.2.1/../../../../arm-none-eabi/lib/thumb/v7-m\libc_nano.a(lib_a-impure.o)
                              c:/siliconlabs/simplicitystudio/v4/developer/toolchains/gnu_arm/7.2_2017q4/bin/../lib/gcc/arm-none-eabi/7.2.1/../../../../arm-none-eabi/lib/thumb/v7-m\libc_nano.a(lib_a-exit.o) (_global_impure_ptr)
c:/siliconlabs/simplicitystudio/v4/developer/toolchains/gnu_arm/7.2_2017q4/bin/../lib/gcc/arm-none-eabi/7.2.1/../../../../arm-none-eabi/lib/thumb/v7-m\libc_nano.a(lib_a-init.o)
                              c:/siliconlabs/simplicitystudio/v4/developer/toolchains/gnu_arm/7.2_2017q4/bin/../lib/gcc/arm-none-eabi/7.2.1/../../../../arm-none-eabi/lib/thumb/v7-m/crt0.o (__libc_init_array)
c:/siliconlabs/simplicitystudio/v4/developer/toolchains/gnu_arm/7.2_2017q4/bin/../lib/gcc/arm-none-eabi/7.2.1/../../../../arm-none-eabi/lib/thumb/v7-m\libc_nano.a(lib_a-memcpy-stub.o)
                              ./FreeRTOS/efm32gg/queue.o (memcpy)
c:/siliconlabs/simplicitystudio/v4/developer/toolchains/gnu_arm/7.2_2017q4/bin/../lib/gcc/arm-none-eabi/7.2.1/../../../../arm-none-eabi/lib/thumb/v7-m\libc_nano.a(lib_a-memset.o)
                              c:/siliconlabs/simplicitystudio/v4/developer/toolchains/gnu_arm/7.2_2017q4/bin/../lib/gcc/arm-none-eabi/7.2.1/../../../../arm-none-eabi/lib/thumb/v7-m/crt0.o (memset)
c:/siliconlabs/simplicitystudio/v4/developer/toolchains/gnu_arm/7.2_2017q4/bin/../lib/gcc/arm-none-eabi/7.2.1/../../../../arm-none-eabi/lib/thumb/v7-m\libnosys.a(_exit.o)
                              c:/siliconlabs/simplicitystudio/v4/developer/toolchains/gnu_arm/7.2_2017q4/bin/../lib/gcc/arm-none-eabi/7.2.1/../../../../arm-none-eabi/lib/thumb/v7-m\libc_nano.a(lib_a-exit.o) (_exit)

Allocating common symbols
Common symbol       size              file

xQueueRegistry      0x50              ./FreeRTOS/efm32gg/queue.o

Discarded input sections

 .text          0x00000000        0x0 c:/siliconlabs/simplicitystudio/v4/developer/toolchains/gnu_arm/7.2_2017q4/bin/../lib/gcc/arm-none-eabi/7.2.1/thumb/v7-m/crti.o
 .data          0x00000000        0x0 c:/siliconlabs/simplicitystudio/v4/developer/toolchains/gnu_arm/7.2_2017q4/bin/../lib/gcc/arm-none-eabi/7.2.1/thumb/v7-m/crti.o
 .bss           0x00000000        0x0 c:/siliconlabs/simplicitystudio/v4/developer/toolchains/gnu_arm/7.2_2017q4/bin/../lib/gcc/arm-none-eabi/7.2.1/thumb/v7-m/crti.o
 .data          0x00000000        0x4 c:/siliconlabs/simplicitystudio/v4/developer/toolchains/gnu_arm/7.2_2017q4/bin/../lib/gcc/arm-none-eabi/7.2.1/thumb/v7-m/crtbegin.o
 .data          0x00000000        0x0 c:/siliconlabs/simplicitystudio/v4/developer/toolchains/gnu_arm/7.2_2017q4/bin/../lib/gcc/arm-none-eabi/7.2.1/../../../../arm-none-eabi/lib/thumb/v7-m/crt0.o
 .bss           0x00000000        0x0 c:/siliconlabs/simplicitystudio/v4/developer/toolchains/gnu_arm/7.2_2017q4/bin/../lib/gcc/arm-none-eabi/7.2.1/../../../../arm-none-eabi/lib/thumb/v7-m/crt0.o
 .ARM.extab     0x00000000        0x0 c:/siliconlabs/simplicitystudio/v4/developer/toolchains/gnu_arm/7.2_2017q4/bin/../lib/gcc/arm-none-eabi/7.2.1/../../../../arm-none-eabi/lib/thumb/v7-m/crt0.o
 .group         0x00000000        0xc ./BSP/bsp_stk_leds.o
 .group         0x00000000        0xc ./BSP/bsp_stk_leds.o
 .group         0x00000000        0xc ./BSP/bsp_stk_leds.o
 .group         0x00000000        0xc ./BSP/bsp_stk_leds.o
 .group         0x00000000        0xc ./BSP/bsp_stk_leds.o
 .group         0x00000000        0xc ./BSP/bsp_stk_leds.o
 .group         0x00000000        0xc ./BSP/bsp_stk_leds.o
[...]
Memory Configuration

Name             Origin             Length             Attributes
FLASH            0x00000000         0x00100000         xr
RAM              0x20000000         0x00020000         xrw
*default*        0x00000000         0xffffffff

Linker script and memory map

LOAD c:/siliconlabs/simplicitystudio/v4/developer/toolchains/gnu_arm/7.2_2017q4/bin/../lib/gcc/arm-none-eabi/7.2.1/thumb/v7-m/crti.o
LOAD c:/siliconlabs/simplicitystudio/v4/developer/toolchains/gnu_arm/7.2_2017q4/bin/../lib/gcc/arm-none-eabi/7.2.1/thumb/v7-m/crtbegin.o
LOAD c:/siliconlabs/simplicitystudio/v4/developer/toolchains/gnu_arm/7.2_2017q4/bin/../lib/gcc/arm-none-eabi/7.2.1/../../../../arm-none-eabi/lib/thumb/v7-m/crt0.o
LOAD ./BSP/bsp_stk_leds.o
LOAD ./BSP/bsp_trace.o
LOAD ./CMSIS/EFM32GG/startup_gcc_efm32gg.o
LOAD ./CMSIS/EFM32GG/system_efm32gg.o
LOAD ./Drivers/sleep.o
LOAD ./FreeRTOS/efm32gg/croutine.o
LOAD ./FreeRTOS/efm32gg/event_groups.o
LOAD ./FreeRTOS/efm32gg/heap_1.o
LOAD ./FreeRTOS/efm32gg/list.o
LOAD ./FreeRTOS/efm32gg/port_gcc.o
LOAD ./FreeRTOS/efm32gg/queue.o
LOAD ./FreeRTOS/efm32gg/tasks.o
LOAD ./FreeRTOS/efm32gg/timers.o
LOAD ./emlib/em_adc.o
LOAD ./emlib/em_assert.o
LOAD ./emlib/em_burtc.o
LOAD ./emlib/em_cmu.o
LOAD ./emlib/em_core.o
LOAD ./emlib/em_dac.o
LOAD ./emlib/em_emu.o
LOAD ./emlib/em_gpio.o
LOAD ./emlib/em_i2c.o
LOAD ./emlib/em_leuart.o
LOAD ./emlib/em_rmu.o
LOAD ./emlib/em_rtc.o
LOAD ./emlib/em_system.o
LOAD ./emlib/em_usart.o
LOAD ./emlib/em_wdog.o
LOAD ./src/low_power_tick_management.o
LOAD ./src/main.o
START GROUP
LOAD c:/siliconlabs/simplicitystudio/v4/developer/toolchains/gnu_arm/7.2_2017q4/bin/../lib/gcc/arm-none-eabi/7.2.1/thumb/v7-m\libgcc.a
LOAD c:/siliconlabs/simplicitystudio/v4/developer/toolchains/gnu_arm/7.2_2017q4/bin/../lib/gcc/arm-none-eabi/7.2.1/../../../../arm-none-eabi/lib/thumb/v7-m\libc_nano.a
LOAD c:/siliconlabs/simplicitystudio/v4/developer/toolchains/gnu_arm/7.2_2017q4/bin/../lib/gcc/arm-none-eabi/7.2.1/../../../../arm-none-eabi/lib/thumb/v7-m\libnosys.a
END GROUP
START GROUP
LOAD c:/siliconlabs/simplicitystudio/v4/developer/toolchains/gnu_arm/7.2_2017q4/bin/../lib/gcc/arm-none-eabi/7.2.1/thumb/v7-m\libgcc.a
LOAD c:/siliconlabs/simplicitystudio/v4/developer/toolchains/gnu_arm/7.2_2017q4/bin/../lib/gcc/arm-none-eabi/7.2.1/../../../../arm-none-eabi/lib/thumb/v7-m\libg_nano.a
LOAD c:/siliconlabs/simplicitystudio/v4/developer/toolchains/gnu_arm/7.2_2017q4/bin/../lib/gcc/arm-none-eabi/7.2.1/../../../../arm-none-eabi/lib/thumb/v7-m\libc_nano.a
END GROUP
START GROUP
LOAD c:/siliconlabs/simplicitystudio/v4/developer/toolchains/gnu_arm/7.2_2017q4/bin/../lib/gcc/arm-none-eabi/7.2.1/thumb/v7-m\libgcc.a
LOAD c:/siliconlabs/simplicitystudio/v4/developer/toolchains/gnu_arm/7.2_2017q4/bin/../lib/gcc/arm-none-eabi/7.2.1/../../../../arm-none-eabi/lib/thumb/v7-m\libc_nano.a
END GROUP
LOAD c:/siliconlabs/simplicitystudio/v4/developer/toolchains/gnu_arm/7.2_2017q4/bin/../lib/gcc/arm-none-eabi/7.2.1/thumb/v7-m/crtend.o
LOAD c:/siliconlabs/simplicitystudio/v4/developer/toolchains/gnu_arm/7.2_2017q4/bin/../lib/gcc/arm-none-eabi/7.2.1/thumb/v7-m/crtn.o

.text           0x00000000     0x49ec
 *(.vectors)
 .vectors       0x00000000       0xdc ./CMSIS/EFM32GG/startup_gcc_efm32gg.o
                0x00000000                __Vectors
                0x000000dc                __Vectors_End = .
                0x000000dc                __Vectors_Size = (__Vectors_End - __Vectors)
                0x000000dc                __end__ = .
 *(.text*)
 .text          0x000000dc       0x40 c:/siliconlabs/simplicitystudio/v4/developer/toolchains/gnu_arm/7.2_2017q4/bin/../lib/gcc/arm-none-eabi/7.2.1/thumb/v7-m/crtbegin.o
 .text          0x0000011c       0x74 c:/siliconlabs/simplicitystudio/v4/developer/toolchains/gnu_arm/7.2_2017q4/bin/../lib/gcc/arm-none-eabi/7.2.1/../../../../arm-none-eabi/lib/thumb/v7-m/crt0.o
                0x0000011c                _start
                0x0000011c                _mainCRTStartup
 .text.GPIO_PinOutSet
                0x00000190       0x98 ./BSP/bsp_stk_leds.o
 .text.GPIO_PinOutToggle
                0x00000228       0x98 ./BSP/bsp_stk_leds.o
 .text.BSP_LedsInit
                0x000002c0       0x58 ./BSP/bsp_stk_leds.o
                0x000002c0                BSP_LedsInit
 .text.BSP_LedSet
                0x00000318       0x40 ./BSP/bsp_stk_leds.o
                0x00000318                BSP_LedSet
 .text.BSP_LedToggle
                0x00000358       0x40 ./BSP/bsp_stk_leds.o
                0x00000358                BSP_LedToggle
 .text.BSP_TraceProfilerSetup
                0x00000398      0x118 ./BSP/bsp_trace.o
                0x00000398                BSP_TraceProfilerSetup
 .text          0x000004b0       0x30 ./CMSIS/EFM32GG/startup_gcc_efm32gg.o
                0x000004b0                Reset_Handler
                0x000004dc                DebugMon_Handler
                0x000004dc                USART0_TX_IRQHandler
                0x000004dc                I2C0_IRQHandler
                0x000004dc                HardFault_Handler
                0x000004dc                LEUART1_IRQHandler
                0x000004dc                USART1_RX_IRQHandler
                0x000004dc                NMI_Handler
                0x000004dc                I2C1_IRQHandler
                0x000004dc                TIMER3_IRQHandler
                0x000004dc                USART1_TX_IRQHandler
                0x000004dc                MSC_IRQHandler
                0x000004dc                ADC0_IRQHandler
                0x000004dc                UsageFault_Handler
                0x000004dc                LEUART0_IRQHandler
                0x000004dc                GPIO_EVEN_IRQHandler
                0x000004dc                UART0_TX_IRQHandler
                0x000004dc                UART1_TX_IRQHandler
                0x000004dc                RTC_IRQHandler
                0x000004dc                TIMER0_IRQHandler
                0x000004dc                TIMER2_IRQHandler
                0x000004dc                LCD_IRQHandler
                0x000004dc                PCNT2_IRQHandler
                0x000004dc                UART0_RX_IRQHandler
                0x000004dc                LETIMER0_IRQHandler
                0x000004dc                TIMER1_IRQHandler
                0x000004dc                USART2_RX_IRQHandler
                0x000004dc                Default_Handler
                0x000004dc                EMU_IRQHandler
                0x000004dc                PCNT0_IRQHandler
                0x000004dc                sl_app_properties
                0x000004dc                USB_IRQHandler
                0x000004dc                PCNT1_IRQHandler
                0x000004dc                ACMP0_IRQHandler
                0x000004dc                USART0_RX_IRQHandler
                0x000004dc                MemManage_Handler
                0x000004dc                DAC0_IRQHandler
                0x000004dc                UART1_RX_IRQHandler
                0x000004dc                CMU_IRQHandler
                0x000004dc                EBI_IRQHandler
                0x000004dc                LESENSE_IRQHandler
                0x000004dc                GPIO_ODD_IRQHandler
                0x000004dc                AES_IRQHandler
                0x000004dc                VCMP_IRQHandler
                0x000004dc                DMA_IRQHandler
                0x000004dc                BusFault_Handler
                0x000004dc                USART2_TX_IRQHandler
 .text.GetProdRev
                0x000004e0       0x18 ./CMSIS/EFM32GG/system_efm32gg.o
 .text.SystemCoreClockGet
                0x000004f8       0x34 ./CMSIS/EFM32GG/system_efm32gg.o
                0x000004f8                SystemCoreClockGet
 .text.SystemMaxCoreClockGet
                0x0000052c       0x14 ./CMSIS/EFM32GG/system_efm32gg.o
                0x0000052c                SystemMaxCoreClockGet
 .text.SystemHFClockGet
                0x00000540      0x100 ./CMSIS/EFM32GG/system_efm32gg.o
                0x00000540                SystemHFClockGet
 .text.SystemHFXOClockGet
                0x00000640       0x14 ./CMSIS/EFM32GG/system_efm32gg.o
                0x00000640                SystemHFXOClockGet
 .text.SystemInit
                0x00000654       0x1c ./CMSIS/EFM32GG/system_efm32gg.o
                0x00000654                SystemInit
 .text.SystemLFRCOClockGet
                0x00000670       0x10 ./CMSIS/EFM32GG/system_efm32gg.o
                0x00000670                SystemLFRCOClockGet
 .text.SystemULFRCOClockGet
                0x00000680       0x10 ./CMSIS/EFM32GG/system_efm32gg.o
                0x00000680                SystemULFRCOClockGet
 .text.SystemLFXOClockGet
                0x00000690       0x14 ./CMSIS/EFM32GG/system_efm32gg.o
                0x00000690                SystemLFXOClockGet
 .text.EMU_EnterEM1
                0x000006a4       0x20 ./Drivers/sleep.o
 .text.sleepCallbackWrapper
                0x000006c4       0x2c ./Drivers/sleep.o
 .text.SLEEP_Init
                0x000006f0       0x64 ./Drivers/sleep.o
                0x000006f0                SLEEP_Init
 .text.SLEEP_Sleep
                0x00000754       0x90 ./Drivers/sleep.o
                0x00000754                SLEEP_Sleep
 .text.SLEEP_LowestEnergyModeGet
                0x000007e4       0x3c ./Drivers/sleep.o
                0x000007e4                SLEEP_LowestEnergyModeGet
 .text.enterEMx
                0x00000820       0xac ./Drivers/sleep.o
 .text.pvPortMalloc
                0x000008cc       0x8c ./FreeRTOS/efm32gg/heap_1.o
                0x000008cc                pvPortMalloc
 .text.vPortFree
                0x00000958       0x24 ./FreeRTOS/efm32gg/heap_1.o
                0x00000958                vPortFree
 .text.vListInitialise
                0x0000097c       0x3e ./FreeRTOS/efm32gg/list.o
                0x0000097c                vListInitialise
 .text.vListInitialiseItem
                0x000009ba       0x18 ./FreeRTOS/efm32gg/list.o
                0x000009ba                vListInitialiseItem
 .text.vListInsertEnd
                0x000009d2       0x46 ./FreeRTOS/efm32gg/list.o
                0x000009d2                vListInsertEnd
 .text.vListInsert
                0x00000a18       0x70 ./FreeRTOS/efm32gg/list.o
                0x00000a18                vListInsert
 .text.uxListRemove
                0x00000a88       0x52 ./FreeRTOS/efm32gg/list.o
                0x00000a88                uxListRemove
 *fill*         0x00000ada        0x2 
 .text.pxPortInitialiseStack
                0x00000adc       0x58 ./FreeRTOS/efm32gg/port_gcc.o
                0x00000adc                pxPortInitialiseStack
 .text.prvTaskExitError
                0x00000b34       0x34 ./FreeRTOS/efm32gg/port_gcc.o
 *fill*         0x00000b68        0x8 
 .text.SVC_Handler
                0x00000b70       0x28 ./FreeRTOS/efm32gg/port_gcc.o
                0x00000b70                SVC_Handler
 .text.prvPortStartFirstTask
                0x00000b98       0x20 ./FreeRTOS/efm32gg/port_gcc.o
 .text.xPortStartScheduler
                0x00000bb8       0xbc ./FreeRTOS/efm32gg/port_gcc.o
                0x00000bb8                xPortStartScheduler
 .text.vPortEnterCritical
                0x00000c74       0x54 ./FreeRTOS/efm32gg/port_gcc.o
                0x00000c74                vPortEnterCritical
 .text.vPortExitCritical
                0x00000cc8       0x44 ./FreeRTOS/efm32gg/port_gcc.o
                0x00000cc8                vPortExitCritical
 *fill*         0x00000d0c        0x4 
 .text.PendSV_Handler
                0x00000d10       0x48 ./FreeRTOS/efm32gg/port_gcc.o
                0x00000d10                PendSV_Handler
 .text.SysTick_Handler
                0x00000d58       0x40 ./FreeRTOS/efm32gg/port_gcc.o
                0x00000d58                SysTick_Handler
 .text.vPortValidateInterruptPriority
                0x00000d98       0x68 ./FreeRTOS/efm32gg/port_gcc.o
                0x00000d98                vPortValidateInterruptPriority
 .text.xQueueGenericReset
                0x00000e00       0xc8 ./FreeRTOS/efm32gg/queue.o
                0x00000e00                xQueueGenericReset
 .text.xQueueGenericCreate
                0x00000ec8       0x6c ./FreeRTOS/efm32gg/queue.o
                0x00000ec8                xQueueGenericCreate
 .text.prvInitialiseNewQueue
                0x00000f34       0x3e ./FreeRTOS/efm32gg/queue.o
 *fill*         0x00000f72        0x2 
 .text.xQueueGenericSend
                0x00000f74      0x1b4 ./FreeRTOS/efm32gg/queue.o
                0x00000f74                xQueueGenericSend
 .text.xQueueGenericSendFromISR
                0x00001128       0xfc ./FreeRTOS/efm32gg/queue.o
                0x00001128                xQueueGenericSendFromISR
 .text.xQueueGenericReceive
                0x00001224      0x1f8 ./FreeRTOS/efm32gg/queue.o
                0x00001224                xQueueGenericReceive
 .text.prvCopyDataToQueue
                0x0000141c       0xd4 ./FreeRTOS/efm32gg/queue.o
 .text.prvCopyDataFromQueue
                0x000014f0       0x4c ./FreeRTOS/efm32gg/queue.o
 .text.prvUnlockQueue
                0x0000153c       0xa4 ./FreeRTOS/efm32gg/queue.o
 .text.prvIsQueueEmpty
                0x000015e0       0x2c ./FreeRTOS/efm32gg/queue.o
 .text.prvIsQueueFull
                0x0000160c       0x30 ./FreeRTOS/efm32gg/queue.o
 .text.vQueueAddToRegistry
                0x0000163c       0x50 ./FreeRTOS/efm32gg/queue.o
                0x0000163c                vQueueAddToRegistry
 .text.vQueueWaitForMessageRestricted
                0x0000168c       0x68 ./FreeRTOS/efm32gg/queue.o
                0x0000168c                vQueueWaitForMessageRestricted
 .text.xTaskCreate
                0x000016f4       0x82 ./FreeRTOS/efm32gg/tasks.o
                0x000016f4                xTaskCreate
 *fill*         0x00001776        0x2 
 .text.prvInitialiseNewTask
                0x00001778       0xf8 ./FreeRTOS/efm32gg/tasks.o
 .text.prvAddNewTaskToReadyList
                0x00001870       0xd4 ./FreeRTOS/efm32gg/tasks.o
 .text.vTaskDelay
                0x00001944       0x60 ./FreeRTOS/efm32gg/tasks.o
                0x00001944                vTaskDelay
 .text.vTaskStartScheduler
                0x000019a4       0x90 ./FreeRTOS/efm32gg/tasks.o
                0x000019a4                vTaskStartScheduler
 .text.vTaskSuspendAll
                0x00001a34       0x1c ./FreeRTOS/efm32gg/tasks.o
                0x00001a34                vTaskSuspendAll
 .text.xTaskResumeAll
                0x00001a50      0x130 ./FreeRTOS/efm32gg/tasks.o
                0x00001a50                xTaskResumeAll
 .text.xTaskGetTickCount
                0x00001b80       0x1c ./FreeRTOS/efm32gg/tasks.o
                0x00001b80                xTaskGetTickCount
 .text.xTaskIncrementTick
                0x00001b9c      0x174 ./FreeRTOS/efm32gg/tasks.o
                0x00001b9c                xTaskIncrementTick
 .text.vTaskSwitchContext
                0x00001d10       0xac ./FreeRTOS/efm32gg/tasks.o
                0x00001d10                vTaskSwitchContext
 .text.vTaskPlaceOnEventList
                0x00001dbc       0x40 ./FreeRTOS/efm32gg/tasks.o
                0x00001dbc                vTaskPlaceOnEventList
 .text.vTaskPlaceOnEventListRestricted
                0x00001dfc       0x50 ./FreeRTOS/efm32gg/tasks.o
                0x00001dfc                vTaskPlaceOnEventListRestricted
 .text.xTaskRemoveFromEventList
                0x00001e4c       0xbc ./FreeRTOS/efm32gg/tasks.o
                0x00001e4c                xTaskRemoveFromEventList
 .text.vTaskSetTimeOutState
                0x00001f08       0x3c ./FreeRTOS/efm32gg/tasks.o
                0x00001f08                vTaskSetTimeOutState
 .text.xTaskCheckForTimeOut
                0x00001f44       0xac ./FreeRTOS/efm32gg/tasks.o
                0x00001f44                xTaskCheckForTimeOut
 .text.vTaskMissedYield
                0x00001ff0       0x18 ./FreeRTOS/efm32gg/tasks.o
                0x00001ff0                vTaskMissedYield
 .text.prvIdleTask
                0x00002008       0x12 ./FreeRTOS/efm32gg/tasks.o
 *fill*         0x0000201a        0x2 
 .text.prvInitialiseTaskLists
                0x0000201c       0x80 ./FreeRTOS/efm32gg/tasks.o
 .text.prvCheckTasksWaitingTermination
                0x0000209c       0x78 ./FreeRTOS/efm32gg/tasks.o
 .text.prvDeleteTCB
                0x00002114       0x20 ./FreeRTOS/efm32gg/tasks.o
 .text.prvResetNextTaskUnblockTime
                0x00002134       0x48 ./FreeRTOS/efm32gg/tasks.o
 .text.xTaskGetSchedulerState
                0x0000217c       0x3c ./FreeRTOS/efm32gg/tasks.o
                0x0000217c                xTaskGetSchedulerState
 .text.vTaskPriorityInherit
                0x000021b8       0xec ./FreeRTOS/efm32gg/tasks.o
                0x000021b8                vTaskPriorityInherit
 .text.xTaskPriorityDisinherit
                0x000022a4       0xf8 ./FreeRTOS/efm32gg/tasks.o
                0x000022a4                xTaskPriorityDisinherit
 .text.pvTaskIncrementMutexHeldCount
                0x0000239c       0x28 ./FreeRTOS/efm32gg/tasks.o
                0x0000239c                pvTaskIncrementMutexHeldCount
 .text.prvAddCurrentTaskToDelayedList
                0x000023c4       0xcc ./FreeRTOS/efm32gg/tasks.o
 .text.xTimerCreateTimerTask
                0x00002490       0x5c ./FreeRTOS/efm32gg/timers.o
                0x00002490                xTimerCreateTimerTask
 .text.xTimerGenericCommand
                0x000024ec       0x94 ./FreeRTOS/efm32gg/timers.o
                0x000024ec                xTimerGenericCommand
 .text.prvProcessExpiredTimer
                0x00002580       0x78 ./FreeRTOS/efm32gg/timers.o
 .text.prvTimerTask
                0x000025f8       0x24 ./FreeRTOS/efm32gg/timers.o
 .text.prvProcessTimerOrBlockTask
                0x0000261c       0x9c ./FreeRTOS/efm32gg/timers.o
 .text.prvGetNextExpireTime
                0x000026b8       0x48 ./FreeRTOS/efm32gg/timers.o
 .text.prvSampleTimeNow
                0x00002700       0x40 ./FreeRTOS/efm32gg/timers.o
 .text.prvInsertTimerInActiveList
                0x00002740       0x84 ./FreeRTOS/efm32gg/timers.o
 .text.prvProcessReceivedCommands
                0x000027c4      0x114 ./FreeRTOS/efm32gg/timers.o
 .text.prvSwitchTimerLists
                0x000028d8       0xbc ./FreeRTOS/efm32gg/timers.o
 .text.prvCheckForValidListAndQueue
                0x00002994       0x6c ./FreeRTOS/efm32gg/timers.o
 .text.assertEFM
                0x00002a00        0xc ./emlib/em_assert.o
                0x00002a00                assertEFM
 .text.BUS_RegBitWrite
                0x00002a0c       0x2c ./emlib/em_burtc.o
 .text.BURTC_IntClear
                0x00002a38       0x1c ./emlib/em_burtc.o
 .text.BURTC_FreezeEnable
                0x00002a54       0x24 ./emlib/em_burtc.o
 .text.divToLog2
                0x00002a78       0x3c ./emlib/em_burtc.o
 .text.regSync  0x00002ab4       0x4c ./emlib/em_burtc.o
 .text.BURTC_Init
                0x00002b00      0x118 ./emlib/em_burtc.o
                0x00002b00                BURTC_Init
 .text.BURTC_Enable
                0x00002c18       0x50 ./emlib/em_burtc.o
                0x00002c18                BURTC_Enable
 .text.BURTC_CompareSet
                0x00002c68       0x38 ./emlib/em_burtc.o
                0x00002c68                BURTC_CompareSet
 .text.BURTC_CompareGet
                0x00002ca0       0x2c ./emlib/em_burtc.o
                0x00002ca0                BURTC_CompareGet
 .text.BURTC_CounterReset
                0x00002ccc       0x20 ./emlib/em_burtc.o
                0x00002ccc                BURTC_CounterReset
 .text.BUS_RegBitWrite
                0x00002cec       0x2c ./emlib/em_cmu.o
 .text.BUS_RegBitRead
                0x00002d18       0x28 ./emlib/em_cmu.o
 .text.CMU_DivToLog2
                0x00002d40       0x3c ./emlib/em_cmu.o
 .text.SYSTEM_GetProdRev
                0x00002d7c       0x18 ./emlib/em_cmu.o
 .text.SYSTEM_GetFamily
                0x00002d94       0x18 ./emlib/em_cmu.o
 .text.maxFreqHfle
                0x00002dac       0x88 ./emlib/em_cmu.o
 .text.setHfLeConfig
                0x00002e34       0x64 ./emlib/em_cmu.o
 .text.getHfLeConfig
                0x00002e98       0x20 ./emlib/em_cmu.o
 .text.auxClkGet
                0x00002eb8       0xc0 ./emlib/em_cmu.o
 .text.dbgClkGet
                0x00002f78       0x4c ./emlib/em_cmu.o
 .text.flashWaitStateControl
                0x00002fc4       0x98 ./emlib/em_cmu.o
 .text.flashWaitStateMax
                0x0000305c       0x44 ./emlib/em_cmu.o
 .text.CMU_UpdateWaitStates
                0x000030a0       0x40 ./emlib/em_cmu.o
                0x000030a0                CMU_UpdateWaitStates
 .text.lfClkGet
                0x000030e0      0x10c ./emlib/em_cmu.o
 .text.syncReg  0x000031ec       0x34 ./emlib/em_cmu.o
 .text.usbCClkGet
                0x00003220       0x4c ./emlib/em_cmu.o
 .text.hfperClkSafePrescaler
                0x0000326c        0xc ./emlib/em_cmu.o
 .text.hfperClkOptimizedPrescaler
                0x00003278        0xc ./emlib/em_cmu.o
 .text.CMU_ClockEnable
                0x00003284       0xdc ./emlib/em_cmu.o
                0x00003284                CMU_ClockEnable
 .text.CMU_ClockFreqGet
                0x00003360      0x1e4 ./emlib/em_cmu.o
                0x00003360                CMU_ClockFreqGet
 .text.CMU_ClockSelectGet
                0x00003544      0x168 ./emlib/em_cmu.o
                0x00003544                CMU_ClockSelectGet
 .text.CMU_ClockSelectSet
                0x000036ac      0x2e0 ./emlib/em_cmu.o
                0x000036ac                CMU_ClockSelectSet
 .text.CMU_OscillatorEnable
                0x0000398c       0xc8 ./emlib/em_cmu.o
                0x0000398c                CMU_OscillatorEnable
 .text.CORE_EnterCritical
                0x00003a54       0x1e ./emlib/em_core.o
                0x00003a54                CORE_EnterCritical
 .text.CORE_ExitCritical
                0x00003a72       0x1a ./emlib/em_core.o
                0x00003a72                CORE_ExitCritical
 .text.SystemCoreClockUpdate
                0x00003a8c        0xc ./emlib/em_emu.o
 .text.EMU_Unlock
                0x00003a98       0x18 ./emlib/em_emu.o
 .text.CMU_Lock
                0x00003ab0       0x18 ./emlib/em_emu.o
 .text.CMU_Unlock
                0x00003ac8       0x1c ./emlib/em_emu.o
 .text.emState  0x00003ae4       0xcc ./emlib/em_emu.o
 .text.getErrataFixEmuE107En
                0x00003bb0       0x68 ./emlib/em_emu.o
 .text.EMU_EM23PresleepHook
                0x00003c18        0xc ./emlib/em_emu.o
                0x00003c18                EMU_EM23PresleepHook
 .text.EMU_EM23PostsleepHook
                0x00003c24        0xc ./emlib/em_emu.o
                0x00003c24                EMU_EM23PostsleepHook
 .text.EMU_EnterEM2
                0x00003c30       0xa0 ./emlib/em_emu.o
                0x00003c30                EMU_EnterEM2
 .text.EMU_EnterEM3
                0x00003cd0       0xc8 ./emlib/em_emu.o
                0x00003cd0                EMU_EnterEM3
 .text.EMU_Save
                0x00003d98        0xe ./emlib/em_emu.o
                0x00003d98                EMU_Save
 .text.EMU_Restore
                0x00003da6        0xe ./emlib/em_emu.o
                0x00003da6                EMU_Restore
 .text.EMU_EnterEM4
                0x00003db4       0x54 ./emlib/em_emu.o
                0x00003db4                EMU_EnterEM4
 .text.GPIO_PinOutClear
                0x00003e08       0x98 ./emlib/em_gpio.o
 .text.GPIO_PinOutSet
                0x00003ea0       0x98 ./emlib/em_gpio.o
 .text.GPIO_PinModeSet
                0x00003f38      0x15c ./emlib/em_gpio.o
                0x00003f38                GPIO_PinModeSet
 .text.SL_CTZ   0x00004094       0x26 ./emlib/em_rmu.o
 .text.BUS_RegBitWrite
                0x000040ba       0x2c ./emlib/em_rmu.o
 *fill*         0x000040e6        0x2 
 .text.EMU_Lock
                0x000040e8       0x18 ./emlib/em_rmu.o
 .text.EMU_Unlock
                0x00004100       0x18 ./emlib/em_rmu.o
 .text.RMU_ResetControl
                0x00004118       0x3c ./emlib/em_rmu.o
                0x00004118                RMU_ResetControl
 .text.RMU_ResetCauseClear
                0x00004154       0x54 ./emlib/em_rmu.o
                0x00004154                RMU_ResetCauseClear
 .text.RMU_ResetCauseGet
                0x000041a8       0x6c ./emlib/em_rmu.o
                0x000041a8                RMU_ResetCauseGet
 .text.SYSTEM_ChipRevisionGet
                0x00004214       0x88 ./emlib/em_system.o
                0x00004214                SYSTEM_ChipRevisionGet
 .text.__NVIC_EnableIRQ
                0x0000429c       0x38 ./src/low_power_tick_management.o
 .text.__NVIC_ClearPendingIRQ
                0x000042d4       0x3c ./src/low_power_tick_management.o
 .text.__NVIC_SetPriority
                0x00004310       0x54 ./src/low_power_tick_management.o
 .text.BURTC_IntClear
                0x00004364       0x1c ./src/low_power_tick_management.o
 .text.BURTC_IntDisable
                0x00004380       0x24 ./src/low_power_tick_management.o
 .text.BURTC_IntEnable
                0x000043a4       0x24 ./src/low_power_tick_management.o
 .text.vApplicationIdleHook
                0x000043c8        0xc ./src/low_power_tick_management.o
                0x000043c8                vApplicationIdleHook
 .text.BURTC_IRQHandler
                0x000043d4       0x7c ./src/low_power_tick_management.o
                0x000043d4                BURTC_IRQHandler
 .text.vPortSetupTimerInterrupt
                0x00004450       0x84 ./src/low_power_tick_management.o
                0x00004450                vPortSetupTimerInterrupt
 .text.SYSTEM_GetProdRev
                0x000044d4       0x18 ./src/main.o
 .text.CHIP_Init
                0x000044ec       0x48 ./src/main.o
 .text.LedBlink
                0x00004534       0x24 ./src/main.o
 .text.main     0x00004558       0x70 ./src/main.o
                0x00004558                main
 .text.exit     0x000045c8       0x28 c:/siliconlabs/simplicitystudio/v4/developer/toolchains/gnu_arm/7.2_2017q4/bin/../lib/gcc/arm-none-eabi/7.2.1/../../../../arm-none-eabi/lib/thumb/v7-m\libc_nano.a(lib_a-exit.o)
                0x000045c8                exit
 .text.__libc_init_array
                0x000045f0       0x48 c:/siliconlabs/simplicitystudio/v4/developer/toolchains/gnu_arm/7.2_2017q4/bin/../lib/gcc/arm-none-eabi/7.2.1/../../../../arm-none-eabi/lib/thumb/v7-m\libc_nano.a(lib_a-init.o)
                0x000045f0                __libc_init_array
 .text.memcpy   0x00004638       0x16 c:/siliconlabs/simplicitystudio/v4/developer/toolchains/gnu_arm/7.2_2017q4/bin/../lib/gcc/arm-none-eabi/7.2.1/../../../../arm-none-eabi/lib/thumb/v7-m\libc_nano.a(lib_a-memcpy-stub.o)
                0x00004638                memcpy
 .text.memset   0x0000464e       0x10 c:/siliconlabs/simplicitystudio/v4/developer/toolchains/gnu_arm/7.2_2017q4/bin/../lib/gcc/arm-none-eabi/7.2.1/../../../../arm-none-eabi/lib/thumb/v7-m\libc_nano.a(lib_a-memset.o)
                0x0000464e                memset
 *fill*         0x0000465e        0x2 
 .text._exit    0x00004660        0x4 c:/siliconlabs/simplicitystudio/v4/developer/toolchains/gnu_arm/7.2_2017q4/bin/../lib/gcc/arm-none-eabi/7.2.1/../../../../arm-none-eabi/lib/thumb/v7-m\libnosys.a(_exit.o)
                0x00004660                _exit
 *(.init)
 .init          0x00004664        0x4 c:/siliconlabs/simplicitystudio/v4/developer/toolchains/gnu_arm/7.2_2017q4/bin/../lib/gcc/arm-none-eabi/7.2.1/thumb/v7-m/crti.o
                0x00004664                _init
 .init          0x00004668        0x8 c:/siliconlabs/simplicitystudio/v4/developer/toolchains/gnu_arm/7.2_2017q4/bin/../lib/gcc/arm-none-eabi/7.2.1/thumb/v7-m/crtn.o
 *(.fini)
 .fini          0x00004670        0x4 c:/siliconlabs/simplicitystudio/v4/developer/toolchains/gnu_arm/7.2_2017q4/bin/../lib/gcc/arm-none-eabi/7.2.1/thumb/v7-m/crti.o
                0x00004670                _fini
 .fini          0x00004674        0x8 c:/siliconlabs/simplicitystudio/v4/developer/toolchains/gnu_arm/7.2_2017q4/bin/../lib/gcc/arm-none-eabi/7.2.1/thumb/v7-m/crtn.o
 *crtbegin.o(.ctors)
 *crtbegin?.o(.ctors)
 *(EXCLUDE_FILE(*crtend.o *crtend?.o) .ctors)
 *(SORT_BY_NAME(.ctors.*))
 *(.ctors)
 *crtbegin.o(.dtors)
 *crtbegin?.o(.dtors)
 *(EXCLUDE_FILE(*crtend.o *crtend?.o) .dtors)
 *(SORT_BY_NAME(.dtors.*))
 *(.dtors)
 *(.rodata*)
 .rodata        0x0000467c       0x64 ./BSP/bsp_stk_leds.o
 .rodata.ledArray
                0x000046e0       0x10 ./BSP/bsp_stk_leds.o
 .rodata        0x000046f0       0x13 ./Drivers/sleep.o
 *fill*         0x00004703        0x1 
 .rodata        0x00004704       0x1d ./FreeRTOS/efm32gg/heap_1.o
 *fill*         0x00004721        0x3 
 .rodata        0x00004724       0x1f ./FreeRTOS/efm32gg/port_gcc.o
 *fill*         0x00004743        0x1 
 .rodata        0x00004744       0x1c ./FreeRTOS/efm32gg/queue.o
 .rodata        0x00004760       0x21 ./FreeRTOS/efm32gg/tasks.o
 *fill*         0x00004781        0x3 
 .rodata        0x00004784       0x2d ./FreeRTOS/efm32gg/timers.o
 *fill*         0x000047b1        0x3 
 .rodata        0x000047b4       0x14 ./emlib/em_burtc.o
 .rodata        0x000047c8       0xde ./emlib/em_cmu.o
 *fill*         0x000048a6        0x2 
 .rodata        0x000048a8       0x77 ./emlib/em_gpio.o
 *fill*         0x0000491f        0x1 
 .rodata.resetCauseMasks
                0x00004920       0x80 ./emlib/em_rmu.o
 .rodata        0x000049a0       0x15 ./emlib/em_system.o
 *fill*         0x000049b5        0x3 
 .rodata        0x000049b8       0x14 ./src/low_power_tick_management.o
 .rodata        0x000049cc       0x16 ./src/main.o
 *fill*         0x000049e2        0x2 
 .rodata._global_impure_ptr
                0x000049e4        0x4 c:/siliconlabs/simplicitystudio/v4/developer/toolchains/gnu_arm/7.2_2017q4/bin/../lib/gcc/arm-none-eabi/7.2.1/../../../../arm-none-eabi/lib/thumb/v7-m\libc_nano.a(lib_a-impure.o)
                0x000049e4                _global_impure_ptr
 *(.eh_frame*)
 .eh_frame      0x000049e8        0x0 c:/siliconlabs/simplicitystudio/v4/developer/toolchains/gnu_arm/7.2_2017q4/bin/../lib/gcc/arm-none-eabi/7.2.1/thumb/v7-m/crtbegin.o
 .eh_frame      0x000049e8        0x4 c:/siliconlabs/simplicitystudio/v4/developer/toolchains/gnu_arm/7.2_2017q4/bin/../lib/gcc/arm-none-eabi/7.2.1/thumb/v7-m/crtend.o

.glue_7         0x000049ec        0x0
 .glue_7        0x000049ec        0x0 linker stubs

.glue_7t        0x000049ec        0x0
 .glue_7t       0x000049ec        0x0 linker stubs

.vfp11_veneer   0x000049ec        0x0
 .vfp11_veneer  0x000049ec        0x0 linker stubs

.v4_bx          0x000049ec        0x0
 .v4_bx         0x000049ec        0x0 linker stubs

.iplt           0x000049ec        0x0
 .iplt          0x000049ec        0x0 c:/siliconlabs/simplicitystudio/v4/developer/toolchains/gnu_arm/7.2_2017q4/bin/../lib/gcc/arm-none-eabi/7.2.1/thumb/v7-m/crtbegin.o

.ARM.extab
 *(.ARM.extab* .gnu.linkonce.armextab.*)
                0x000049ec                __exidx_start = .

.ARM.exidx      0x000049ec        0x8
 *(.ARM.exidx* .gnu.linkonce.armexidx.*)
 .ARM.exidx     0x000049ec        0x8 c:/siliconlabs/simplicitystudio/v4/developer/toolchains/gnu_arm/7.2_2017q4/bin/../lib/gcc/arm-none-eabi/7.2.1/../../../../arm-none-eabi/lib/thumb/v7-m/crt0.o
                0x000049f4                __exidx_end = .
                0x000049f4                __etext = .

.rel.dyn        0x000049f4        0x0
 .rel.iplt      0x000049f4        0x0 c:/siliconlabs/simplicitystudio/v4/developer/toolchains/gnu_arm/7.2_2017q4/bin/../lib/gcc/arm-none-eabi/7.2.1/thumb/v7-m/crtbegin.o

.data           0x20000000       0x88 load address 0x000049f4
                0x20000000                __data_start__ = .
 *(vtable)
 *(.data*)
 .data.SystemHFXOClock
                0x20000000        0x4 ./CMSIS/EFM32GG/system_efm32gg.o
 .data.SystemLFXOClock
                0x20000004        0x4 ./CMSIS/EFM32GG/system_efm32gg.o
 .data.SystemCoreClock
                0x20000008        0x4 ./CMSIS/EFM32GG/system_efm32gg.o
                0x20000008                SystemCoreClock
 .data.uxCriticalNesting
                0x2000000c        0x4 ./FreeRTOS/efm32gg/port_gcc.o
 .data.parametersToTask1.7265
                0x20000010        0x8 ./src/main.o
 .data.parametersToTask2.7266
                0x20000018        0x8 ./src/main.o
 .data.impure_data
                0x20000020       0x60 c:/siliconlabs/simplicitystudio/v4/developer/toolchains/gnu_arm/7.2_2017q4/bin/../lib/gcc/arm-none-eabi/7.2.1/../../../../arm-none-eabi/lib/thumb/v7-m\libc_nano.a(lib_a-impure.o)
                0x20000080                . = ALIGN (0x4)
                [!provide]                PROVIDE (__ram_func_section_start, .)
 *(.ram)
                [!provide]                PROVIDE (__ram_func_section_end, .)
                0x20000080                . = ALIGN (0x4)
                0x20000080                PROVIDE (__preinit_array_start, .)
 *(.preinit_array)
                0x20000080                PROVIDE (__preinit_array_end, .)
                0x20000080                . = ALIGN (0x4)
                0x20000080                PROVIDE (__init_array_start, .)
 *(SORT_BY_NAME(.init_array.*))
 *(.init_array)
 .init_array    0x20000080        0x4 c:/siliconlabs/simplicitystudio/v4/developer/toolchains/gnu_arm/7.2_2017q4/bin/../lib/gcc/arm-none-eabi/7.2.1/thumb/v7-m/crtbegin.o
                0x20000084                PROVIDE (__init_array_end, .)
                0x20000084                . = ALIGN (0x4)
                [!provide]                PROVIDE (__fini_array_start, .)
 *(SORT_BY_NAME(.fini_array.*))
 *(.fini_array)
 .fini_array    0x20000084        0x4 c:/siliconlabs/simplicitystudio/v4/developer/toolchains/gnu_arm/7.2_2017q4/bin/../lib/gcc/arm-none-eabi/7.2.1/thumb/v7-m/crtbegin.o
                [!provide]                PROVIDE (__fini_array_end, .)
 *(.jcr*)
                0x20000088                . = ALIGN (0x4)
                0x20000088                __data_end__ = .

.igot.plt       0x20000088        0x0 load address 0x00004a7c
 .igot.plt      0x20000088        0x0 c:/siliconlabs/simplicitystudio/v4/developer/toolchains/gnu_arm/7.2_2017q4/bin/../lib/gcc/arm-none-eabi/7.2.1/thumb/v7-m/crtbegin.o

.bss            0x20000088     0x24d8 load address 0x00004a7c
                0x20000088                . = ALIGN (0x4)
                0x20000088                __bss_start__ = .
 *(.bss*)
 .bss           0x20000088       0x1c c:/siliconlabs/simplicitystudio/v4/developer/toolchains/gnu_arm/7.2_2017q4/bin/../lib/gcc/arm-none-eabi/7.2.1/thumb/v7-m/crtbegin.o
 .bss.sleepContext
                0x200000a4        0xc ./Drivers/sleep.o
 .bss.sleepCallback
                0x200000b0        0x4 ./Drivers/sleep.o
 .bss.sleepBlockCnt
                0x200000b4        0x2 ./Drivers/sleep.o
 *fill*         0x200000b6        0x2 
 .bss.ucHeap    0x200000b8     0x2328 ./FreeRTOS/efm32gg/heap_1.o
 .bss.xNextFreeByte
                0x200023e0        0x4 ./FreeRTOS/efm32gg/heap_1.o
 .bss.pucAlignedHeap.4479
                0x200023e4        0x4 ./FreeRTOS/efm32gg/heap_1.o
 .bss.ucMaxSysCallPriority
                0x200023e8        0x1 ./FreeRTOS/efm32gg/port_gcc.o
 *fill*         0x200023e9        0x3 
 .bss.ulMaxPRIGROUPValue
                0x200023ec        0x4 ./FreeRTOS/efm32gg/port_gcc.o
 .bss.pxCurrentTCB
                0x200023f0        0x4 ./FreeRTOS/efm32gg/tasks.o
                0x200023f0                pxCurrentTCB
 .bss.pxReadyTasksLists
                0x200023f4       0x3c ./FreeRTOS/efm32gg/tasks.o
 .bss.xDelayedTaskList1
                0x20002430       0x14 ./FreeRTOS/efm32gg/tasks.o
 .bss.xDelayedTaskList2
                0x20002444       0x14 ./FreeRTOS/efm32gg/tasks.o
 .bss.pxDelayedTaskList
                0x20002458        0x4 ./FreeRTOS/efm32gg/tasks.o
 .bss.pxOverflowDelayedTaskList
                0x2000245c        0x4 ./FreeRTOS/efm32gg/tasks.o
 .bss.xPendingReadyList
                0x20002460       0x14 ./FreeRTOS/efm32gg/tasks.o
 .bss.xTasksWaitingTermination
                0x20002474       0x14 ./FreeRTOS/efm32gg/tasks.o
 .bss.uxDeletedTasksWaitingCleanUp
                0x20002488        0x4 ./FreeRTOS/efm32gg/tasks.o
 .bss.xSuspendedTaskList
                0x2000248c       0x14 ./FreeRTOS/efm32gg/tasks.o
 .bss.uxCurrentNumberOfTasks
                0x200024a0        0x4 ./FreeRTOS/efm32gg/tasks.o
 .bss.xTickCount
                0x200024a4        0x4 ./FreeRTOS/efm32gg/tasks.o
 .bss.uxTopReadyPriority
                0x200024a8        0x4 ./FreeRTOS/efm32gg/tasks.o
 .bss.xSchedulerRunning
                0x200024ac        0x4 ./FreeRTOS/efm32gg/tasks.o
 .bss.uxPendedTicks
                0x200024b0        0x4 ./FreeRTOS/efm32gg/tasks.o
 .bss.xYieldPending
                0x200024b4        0x4 ./FreeRTOS/efm32gg/tasks.o
 .bss.xNumOfOverflows
                0x200024b8        0x4 ./FreeRTOS/efm32gg/tasks.o
 .bss.uxTaskNumber
                0x200024bc        0x4 ./FreeRTOS/efm32gg/tasks.o
 .bss.xNextTaskUnblockTime
                0x200024c0        0x4 ./FreeRTOS/efm32gg/tasks.o
 .bss.xIdleTaskHandle
                0x200024c4        0x4 ./FreeRTOS/efm32gg/tasks.o
 .bss.uxSchedulerSuspended
                0x200024c8        0x4 ./FreeRTOS/efm32gg/tasks.o
 .bss.xActiveTimerList1
                0x200024cc       0x14 ./FreeRTOS/efm32gg/timers.o
 .bss.xActiveTimerList2
                0x200024e0       0x14 ./FreeRTOS/efm32gg/timers.o
 .bss.pxCurrentTimerList
                0x200024f4        0x4 ./FreeRTOS/efm32gg/timers.o
 .bss.pxOverflowTimerList
                0x200024f8        0x4 ./FreeRTOS/efm32gg/timers.o
 .bss.xTimerQueue
                0x200024fc        0x4 ./FreeRTOS/efm32gg/timers.o
 .bss.xTimerTaskHandle
                0x20002500        0x4 ./FreeRTOS/efm32gg/timers.o
 .bss.xLastTime.4762
                0x20002504        0x4 ./FreeRTOS/efm32gg/timers.o
 .bss.cmuStatus.5801
                0x20002508        0x4 ./emlib/em_emu.o
 .bss.hfClock.5802
                0x2000250c        0x1 ./emlib/em_emu.o
 *(COMMON)
 *fill*         0x2000250d        0x3 
 COMMON         0x20002510       0x50 ./FreeRTOS/efm32gg/queue.o
                0x20002510                xQueueRegistry
                0x20002560                . = ALIGN (0x4)
                0x20002560                __bss_end__ = .

.heap           0x20002560      0xc00
                0x20002560                __HeapBase = .
                0x20002560                __end__ = .
                0x20002560                end = __end__
                0x20002560                _end = __end__
 *(.heap*)
 .heap          0x20002560      0xc00 ./CMSIS/EFM32GG/startup_gcc_efm32gg.o
                0x20003160                __HeapLimit = .

.stack_dummy    0x20002560      0x400
 *(.stack*)
 .stack         0x20002560      0x400 ./CMSIS/EFM32GG/startup_gcc_efm32gg.o
                0x20020000                __StackTop = (ORIGIN (RAM) + LENGTH (RAM))
                0x2001fc00                __StackLimit = (__StackTop - SIZEOF (.stack_dummy))
                0x20020000                PROVIDE (__stack, __StackTop)
                0x00000001                ASSERT ((__StackLimit >= __HeapLimit), region RAM overflowed with stack)
                0x00000001                ASSERT ((LENGTH (FLASH) >= (__etext + SIZEOF (.data))), FLASH memory overflowed !)
OUTPUT(STK3700_freertos_blink_2.axf elf32-littlearm)

.ARM.attributes
                0x00000000       0x29
 .ARM.attributes
                0x00000000       0x1d c:/siliconlabs/simplicitystudio/v4/developer/toolchains/gnu_arm/7.2_2017q4/bin/../lib/gcc/arm-none-eabi/7.2.1/thumb/v7-m/crti.o
 .ARM.attributes
                0x0000001d       0x2d c:/siliconlabs/simplicitystudio/v4/developer/toolchains/gnu_arm/7.2_2017q4/bin/../lib/gcc/arm-none-eabi/7.2.1/thumb/v7-m/crtbegin.o
 .ARM.attributes
                0x0000004a       0x1b c:/siliconlabs/simplicitystudio/v4/developer/toolchains/gnu_arm/7.2_2017q4/bin/../lib/gcc/arm-none-eabi/7.2.1/../../../../arm-none-eabi/lib/thumb/v7-m/crt0.o
 .ARM.attributes
                0x00000065       0x33 ./BSP/bsp_stk_leds.o
 .ARM.attributes
                0x00000098       0x33 ./BSP/bsp_trace.o
 .ARM.attributes
                0x000000cb       0x1b ./CMSIS/EFM32GG/startup_gcc_efm32gg.o
 .ARM.attributes
                0x000000e6       0x33 ./CMSIS/EFM32GG/system_efm32gg.o
 .ARM.attributes
                0x00000119       0x33 ./Drivers/sleep.o
 .ARM.attributes
                0x0000014c       0x33 ./FreeRTOS/efm32gg/heap_1.o
 .ARM.attributes
                0x0000017f       0x33 ./FreeRTOS/efm32gg/list.o
 .ARM.attributes
                0x000001b2       0x33 ./FreeRTOS/efm32gg/port_gcc.o
 .ARM.attributes
                0x000001e5       0x33 ./FreeRTOS/efm32gg/queue.o
 .ARM.attributes
                0x00000218       0x33 ./FreeRTOS/efm32gg/tasks.o
 .ARM.attributes
                0x0000024b       0x33 ./FreeRTOS/efm32gg/timers.o
 .ARM.attributes
                0x0000027e       0x33 ./emlib/em_assert.o
 .ARM.attributes
                0x000002b1       0x33 ./emlib/em_burtc.o
 .ARM.attributes
                0x000002e4       0x33 ./emlib/em_cmu.o
 .ARM.attributes
                0x00000317       0x33 ./emlib/em_core.o
 .ARM.attributes
                0x0000034a       0x33 ./emlib/em_emu.o
 .ARM.attributes
                0x0000037d       0x33 ./emlib/em_gpio.o
 .ARM.attributes
                0x000003b0       0x33 ./emlib/em_rmu.o
 .ARM.attributes
                0x000003e3       0x33 ./emlib/em_system.o
 .ARM.attributes
                0x00000416       0x33 ./src/low_power_tick_management.o
 .ARM.attributes
                0x00000449       0x33 ./src/main.o
 .ARM.attributes
                0x0000047c       0x2d c:/siliconlabs/simplicitystudio/v4/developer/toolchains/gnu_arm/7.2_2017q4/bin/../lib/gcc/arm-none-eabi/7.2.1/../../../../arm-none-eabi/lib/thumb/v7-m\libc_nano.a(lib_a-exit.o)
 .ARM.attributes
                0x000004a9       0x2d c:/siliconlabs/simplicitystudio/v4/developer/toolchains/gnu_arm/7.2_2017q4/bin/../lib/gcc/arm-none-eabi/7.2.1/../../../../arm-none-eabi/lib/thumb/v7-m\libc_nano.a(lib_a-impure.o)
 .ARM.attributes
                0x000004d6       0x2d c:/siliconlabs/simplicitystudio/v4/developer/toolchains/gnu_arm/7.2_2017q4/bin/../lib/gcc/arm-none-eabi/7.2.1/../../../../arm-none-eabi/lib/thumb/v7-m\libc_nano.a(lib_a-init.o)
 .ARM.attributes
                0x00000503       0x2d c:/siliconlabs/simplicitystudio/v4/developer/toolchains/gnu_arm/7.2_2017q4/bin/../lib/gcc/arm-none-eabi/7.2.1/../../../../arm-none-eabi/lib/thumb/v7-m\libc_nano.a(lib_a-memcpy-stub.o)
 .ARM.attributes
                0x00000530       0x2d c:/siliconlabs/simplicitystudio/v4/developer/toolchains/gnu_arm/7.2_2017q4/bin/../lib/gcc/arm-none-eabi/7.2.1/../../../../arm-none-eabi/lib/thumb/v7-m\libc_nano.a(lib_a-memset.o)
 .ARM.attributes
                0x0000055d       0x2d c:/siliconlabs/simplicitystudio/v4/developer/toolchains/gnu_arm/7.2_2017q4/bin/../lib/gcc/arm-none-eabi/7.2.1/../../../../arm-none-eabi/lib/thumb/v7-m\libnosys.a(_exit.o)
 .ARM.attributes
                0x0000058a       0x2d c:/siliconlabs/simplicitystudio/v4/developer/toolchains/gnu_arm/7.2_2017q4/bin/../lib/gcc/arm-none-eabi/7.2.1/thumb/v7-m/crtend.o
 .ARM.attributes
                0x000005b7       0x1d c:/siliconlabs/simplicitystudio/v4/developer/toolchains/gnu_arm/7.2_2017q4/bin/../lib/gcc/arm-none-eabi/7.2.1/thumb/v7-m/crtn.o

.comment        0x00000000       0x7e
 .comment       0x00000000       0x7e ./BSP/bsp_stk_leds.o
                                 0x7f (size before relaxing)
 .comment       0x0000007e       0x7f ./BSP/bsp_trace.o
 .comment       0x0000007e       0x7f ./CMSIS/EFM32GG/system_efm32gg.o
 .comment       0x0000007e       0x7f ./Drivers/sleep.o
 .comment       0x0000007e       0x7f ./FreeRTOS/efm32gg/heap_1.o
 .comment       0x0000007e       0x7f ./FreeRTOS/efm32gg/list.o
 .comment       0x0000007e       0x7f ./FreeRTOS/efm32gg/port_gcc.o
 .comment       0x0000007e       0x7f ./FreeRTOS/efm32gg/queue.o
 .comment       0x0000007e       0x7f ./FreeRTOS/efm32gg/tasks.o
 .comment       0x0000007e       0x7f ./FreeRTOS/efm32gg/timers.o
 .comment       0x0000007e       0x7f ./emlib/em_assert.o
 .comment       0x0000007e       0x7f ./emlib/em_burtc.o
 .comment       0x0000007e       0x7f ./emlib/em_cmu.o
 .comment       0x0000007e       0x7f ./emlib/em_core.o
 .comment       0x0000007e       0x7f ./emlib/em_emu.o
 .comment       0x0000007e       0x7f ./emlib/em_gpio.o
 .comment       0x0000007e       0x7f ./emlib/em_rmu.o
 .comment       0x0000007e       0x7f ./emlib/em_system.o
 .comment       0x0000007e       0x7f ./src/low_power_tick_management.o
 .comment       0x0000007e       0x7f ./src/main.o

.debug_info     0x00000000     0xf507
 .debug_info    0x00000000      0x845 ./BSP/bsp_stk_leds.o
 .debug_info    0x00000845      0xcfd ./BSP/bsp_trace.o
 .debug_info    0x00001542       0x26 ./CMSIS/EFM32GG/startup_gcc_efm32gg.o
 .debug_info    0x00001568      0x7a7 ./CMSIS/EFM32GG/system_efm32gg.o
 .debug_info    0x00001d0f      0xee7 ./Drivers/sleep.o
 .debug_info    0x00002bf6      0xa86 ./FreeRTOS/efm32gg/heap_1.o
 .debug_info    0x0000367c      0xbc6 ./FreeRTOS/efm32gg/list.o
 .debug_info    0x00004242      0x3e1 ./FreeRTOS/efm32gg/port_gcc.o
 .debug_info    0x00004623     0x179d ./FreeRTOS/efm32gg/queue.o
 .debug_info    0x00005dc0     0x1f35 ./FreeRTOS/efm32gg/tasks.o
 .debug_info    0x00007cf5     0x12b8 ./FreeRTOS/efm32gg/timers.o
 .debug_info    0x00008fad       0x7e ./emlib/em_assert.o
 .debug_info    0x0000902b      0x6b5 ./emlib/em_burtc.o
 .debug_info    0x000096e0     0x1624 ./emlib/em_cmu.o
 .debug_info    0x0000ad04      0xda0 ./emlib/em_core.o
 .debug_info    0x0000baa4     0x118a ./emlib/em_emu.o
 .debug_info    0x0000cc2e      0x6f4 ./emlib/em_gpio.o
 .debug_info    0x0000d322      0x532 ./emlib/em_rmu.o
 .debug_info    0x0000d854      0x2d6 ./emlib/em_system.o
 .debug_info    0x0000db2a      0xbd4 ./src/low_power_tick_management.o
 .debug_info    0x0000e6fe      0xe09 ./src/main.o

.debug_abbrev   0x00000000     0x2b79
 .debug_abbrev  0x00000000      0x1eb ./BSP/bsp_stk_leds.o
 .debug_abbrev  0x000001eb      0x1c7 ./BSP/bsp_trace.o
 .debug_abbrev  0x000003b2       0x14 ./CMSIS/EFM32GG/startup_gcc_efm32gg.o
 .debug_abbrev  0x000003c6      0x1eb ./CMSIS/EFM32GG/system_efm32gg.o
 .debug_abbrev  0x000005b1      0x2b5 ./Drivers/sleep.o
 .debug_abbrev  0x00000866      0x201 ./FreeRTOS/efm32gg/heap_1.o
 .debug_abbrev  0x00000a67      0x1d1 ./FreeRTOS/efm32gg/list.o
 .debug_abbrev  0x00000c38      0x1d4 ./FreeRTOS/efm32gg/port_gcc.o
 .debug_abbrev  0x00000e0c      0x2cf ./FreeRTOS/efm32gg/queue.o
 .debug_abbrev  0x000010db      0x363 ./FreeRTOS/efm32gg/tasks.o
 .debug_abbrev  0x0000143e      0x25e ./FreeRTOS/efm32gg/timers.o
 .debug_abbrev  0x0000169c       0x68 ./emlib/em_assert.o
 .debug_abbrev  0x00001704      0x226 ./emlib/em_burtc.o
 .debug_abbrev  0x0000192a      0x2ed ./emlib/em_cmu.o
 .debug_abbrev  0x00001c17      0x28f ./emlib/em_core.o
 .debug_abbrev  0x00001ea6      0x2ad ./emlib/em_emu.o
 .debug_abbrev  0x00002153      0x203 ./emlib/em_gpio.o
 .debug_abbrev  0x00002356      0x231 ./emlib/em_rmu.o
 .debug_abbrev  0x00002587      0x153 ./emlib/em_system.o
 .debug_abbrev  0x000026da      0x2b3 ./src/low_power_tick_management.o
 .debug_abbrev  0x0000298d      0x1ec ./src/main.o

.debug_loc      0x00000000     0x5a4c
 .debug_loc     0x00000000      0x3cc ./BSP/bsp_stk_leds.o
 .debug_loc     0x000003cc       0x7c ./BSP/bsp_trace.o
 .debug_loc     0x00000448      0x31c ./CMSIS/EFM32GG/system_efm32gg.o
 .debug_loc     0x00000764      0x2fc ./Drivers/sleep.o
 .debug_loc     0x00000a60      0x128 ./FreeRTOS/efm32gg/heap_1.o
 .debug_loc     0x00000b88      0x1cc ./FreeRTOS/efm32gg/list.o
 .debug_loc     0x00000d54      0x294 ./FreeRTOS/efm32gg/port_gcc.o
 .debug_loc     0x00000fe8      0x844 ./FreeRTOS/efm32gg/queue.o
 .debug_loc     0x0000182c      0xf44 ./FreeRTOS/efm32gg/tasks.o
 .debug_loc     0x00002770      0x5ec ./FreeRTOS/efm32gg/timers.o
 .debug_loc     0x00002d5c       0x38 ./emlib/em_assert.o
 .debug_loc     0x00002d94      0x41c ./emlib/em_burtc.o
 .debug_loc     0x000031b0      0xde0 ./emlib/em_cmu.o
 .debug_loc     0x00003f90      0x844 ./emlib/em_core.o
 .debug_loc     0x000047d4      0x7a8 ./emlib/em_emu.o
 .debug_loc     0x00004f7c      0x3e4 ./emlib/em_gpio.o
 .debug_loc     0x00005360      0x23c ./emlib/em_rmu.o
 .debug_loc     0x0000559c       0xac ./emlib/em_system.o
 .debug_loc     0x00005648      0x2f4 ./src/low_power_tick_management.o
 .debug_loc     0x0000593c      0x110 ./src/main.o

.debug_aranges  0x00000000      0xb40
 .debug_aranges
                0x00000000       0x78 ./BSP/bsp_stk_leds.o
 .debug_aranges
                0x00000078       0x28 ./BSP/bsp_trace.o
 .debug_aranges
                0x000000a0       0x20 ./CMSIS/EFM32GG/startup_gcc_efm32gg.o
 .debug_aranges
                0x000000c0       0x70 ./CMSIS/EFM32GG/system_efm32gg.o
 .debug_aranges
                0x00000130       0x68 ./Drivers/sleep.o
 .debug_aranges
                0x00000198       0x38 ./FreeRTOS/efm32gg/heap_1.o
 .debug_aranges
                0x000001d0       0x40 ./FreeRTOS/efm32gg/list.o
 .debug_aranges
                0x00000210       0x78 ./FreeRTOS/efm32gg/port_gcc.o
 .debug_aranges
                0x00000288       0xe8 ./FreeRTOS/efm32gg/queue.o
 .debug_aranges
                0x00000370      0x1a0 ./FreeRTOS/efm32gg/tasks.o
 .debug_aranges
                0x00000510       0xb8 ./FreeRTOS/efm32gg/timers.o
 .debug_aranges
                0x000005c8       0x20 ./emlib/em_assert.o
 .debug_aranges
                0x000005e8       0x80 ./emlib/em_burtc.o
 .debug_aranges
                0x00000668      0x180 ./emlib/em_cmu.o
 .debug_aranges
                0x000007e8       0xe8 ./emlib/em_core.o
 .debug_aranges
                0x000008d0       0xe8 ./emlib/em_emu.o
 .debug_aranges
                0x000009b8       0x78 ./emlib/em_gpio.o
 .debug_aranges
                0x00000a30       0x50 ./emlib/em_rmu.o
 .debug_aranges
                0x00000a80       0x28 ./emlib/em_system.o
 .debug_aranges
                0x00000aa8       0x60 ./src/low_power_tick_management.o
 .debug_aranges
                0x00000b08       0x38 ./src/main.o

.debug_ranges   0x00000000      0x9e0
 .debug_ranges  0x00000000       0x68 ./BSP/bsp_stk_leds.o
 .debug_ranges  0x00000068       0x18 ./BSP/bsp_trace.o
 .debug_ranges  0x00000080       0x60 ./CMSIS/EFM32GG/system_efm32gg.o
 .debug_ranges  0x000000e0       0x58 ./Drivers/sleep.o
 .debug_ranges  0x00000138       0x28 ./FreeRTOS/efm32gg/heap_1.o
 .debug_ranges  0x00000160       0x30 ./FreeRTOS/efm32gg/list.o
 .debug_ranges  0x00000190       0x68 ./FreeRTOS/efm32gg/port_gcc.o
 .debug_ranges  0x000001f8       0xd8 ./FreeRTOS/efm32gg/queue.o
 .debug_ranges  0x000002d0      0x190 ./FreeRTOS/efm32gg/tasks.o
 .debug_ranges  0x00000460       0xa8 ./FreeRTOS/efm32gg/timers.o
 .debug_ranges  0x00000508       0x10 ./emlib/em_assert.o
 .debug_ranges  0x00000518       0x70 ./emlib/em_burtc.o
 .debug_ranges  0x00000588      0x170 ./emlib/em_cmu.o
 .debug_ranges  0x000006f8       0xd8 ./emlib/em_core.o
 .debug_ranges  0x000007d0       0xd8 ./emlib/em_emu.o
 .debug_ranges  0x000008a8       0x68 ./emlib/em_gpio.o
 .debug_ranges  0x00000910       0x40 ./emlib/em_rmu.o
 .debug_ranges  0x00000950       0x18 ./emlib/em_system.o
 .debug_ranges  0x00000968       0x50 ./src/low_power_tick_management.o
 .debug_ranges  0x000009b8       0x28 ./src/main.o

.debug_macro    0x00000000    0x270f2
 .debug_macro   0x00000000      0x2fd ./BSP/bsp_stk_leds.o
 .debug_macro   0x000002fd      0xa54 ./BSP/bsp_stk_leds.o
 .debug_macro   0x00000d51      0x39b ./BSP/bsp_stk_leds.o
 .debug_macro   0x000010ec       0x22 ./BSP/bsp_stk_leds.o
 .debug_macro   0x0000110e       0x4f ./BSP/bsp_stk_leds.o
 .debug_macro   0x0000115d       0x51 ./BSP/bsp_stk_leds.o
 .debug_macro   0x000011ae       0xef ./BSP/bsp_stk_leds.o
 .debug_macro   0x0000129d       0x6a ./BSP/bsp_stk_leds.o
 .debug_macro   0x00001307      0x1df ./BSP/bsp_stk_leds.o
 .debug_macro   0x000014e6       0x1c ./BSP/bsp_stk_leds.o
 .debug_macro   0x00001502       0x22 ./BSP/bsp_stk_leds.o
 .debug_macro   0x00001524       0xc3 ./BSP/bsp_stk_leds.o
 .debug_macro   0x000015e7      0xe18 ./BSP/bsp_stk_leds.o
 .debug_macro   0x000023ff       0xe2 ./BSP/bsp_stk_leds.o
 .debug_macro   0x000024e1     0x2869 ./BSP/bsp_stk_leds.o
 .debug_macro   0x00004d4a      0x39e ./BSP/bsp_stk_leds.o
 .debug_macro   0x000050e8     0x3f12 ./BSP/bsp_stk_leds.o
 .debug_macro   0x00008ffa      0x9a4 ./BSP/bsp_stk_leds.o
 .debug_macro   0x0000999e      0x6eb ./BSP/bsp_stk_leds.o
 .debug_macro   0x0000a089      0x283 ./BSP/bsp_stk_leds.o
 .debug_macro   0x0000a30c     0x1e37 ./BSP/bsp_stk_leds.o
 .debug_macro   0x0000c143     0x30cb ./BSP/bsp_stk_leds.o
 .debug_macro   0x0000f20e      0x37f ./BSP/bsp_stk_leds.o
 .debug_macro   0x0000f58d      0x855 ./BSP/bsp_stk_leds.o
 .debug_macro   0x0000fde2     0x230f ./BSP/bsp_stk_leds.o
 .debug_macro   0x000120f1     0x1bf6 ./BSP/bsp_stk_leds.o
 .debug_macro   0x00013ce7     0x1709 ./BSP/bsp_stk_leds.o
 .debug_macro   0x000153f0      0x6d8 ./BSP/bsp_stk_leds.o
 .debug_macro   0x00015ac8     0x106a ./BSP/bsp_stk_leds.o
 .debug_macro   0x00016b32     0x1d83 ./BSP/bsp_stk_leds.o
 .debug_macro   0x000188b5      0x33d ./BSP/bsp_stk_leds.o
 .debug_macro   0x00018bf2      0xa66 ./BSP/bsp_stk_leds.o
 .debug_macro   0x00019658      0xfe0 ./BSP/bsp_stk_leds.o
 .debug_macro   0x0001a638      0x894 ./BSP/bsp_stk_leds.o
 .debug_macro   0x0001aecc      0xf85 ./BSP/bsp_stk_leds.o
 .debug_macro   0x0001be51     0x12a5 ./BSP/bsp_stk_leds.o
 .debug_macro   0x0001d0f6      0xc4a ./BSP/bsp_stk_leds.o
 .debug_macro   0x0001dd40      0x74d ./BSP/bsp_stk_leds.o
 .debug_macro   0x0001e48d      0x1c9 ./BSP/bsp_stk_leds.o
 .debug_macro   0x0001e656     0x1041 ./BSP/bsp_stk_leds.o
 .debug_macro   0x0001f697      0x280 ./BSP/bsp_stk_leds.o
 .debug_macro   0x0001f917       0x40 ./BSP/bsp_stk_leds.o
 .debug_macro   0x0001f957      0x250 ./BSP/bsp_stk_leds.o
 .debug_macro   0x0001fba7      0x1f0 ./BSP/bsp_stk_leds.o
 .debug_macro   0x0001fd97      0x166 ./BSP/bsp_stk_leds.o
 .debug_macro   0x0001fefd      0x252 ./BSP/bsp_stk_leds.o
 .debug_macro   0x0002014f     0x1bd7 ./BSP/bsp_stk_leds.o
 .debug_macro   0x00021d26       0x2e ./BSP/bsp_stk_leds.o
 .debug_macro   0x00021d54      0x427 ./BSP/bsp_stk_leds.o
 .debug_macro   0x0002217b      0x427 ./BSP/bsp_stk_leds.o
 .debug_macro   0x000225a2       0x22 ./BSP/bsp_stk_leds.o
 .debug_macro   0x000225c4       0x10 ./BSP/bsp_stk_leds.o
 .debug_macro   0x000225d4       0xcc ./BSP/bsp_stk_leds.o
 .debug_macro   0x000226a0       0x69 ./BSP/bsp_stk_leds.o
 .debug_macro   0x00022709      0x330 ./BSP/bsp_stk_leds.o
 .debug_macro   0x00022a39       0xb2 ./BSP/bsp_stk_leds.o
 .debug_macro   0x00022aeb       0x76 ./BSP/bsp_stk_leds.o
 .debug_macro   0x00022b61       0xf1 ./BSP/bsp_stk_leds.o
 .debug_macro   0x00022c52       0x3a ./BSP/bsp_stk_leds.o
 .debug_macro   0x00022c8c      0x2fe ./BSP/bsp_trace.o
 .debug_macro   0x00022f8a       0xc6 ./BSP/bsp_trace.o
 .debug_macro   0x00023050       0x16 ./BSP/bsp_trace.o
 .debug_macro   0x00023066      0x28e ./CMSIS/EFM32GG/system_efm32gg.o
 .debug_macro   0x000232f4      0x396 ./Drivers/sleep.o
 .debug_macro   0x0002368a       0x63 ./Drivers/sleep.o
 .debug_macro   0x000236ed       0xba ./Drivers/sleep.o
 .debug_macro   0x000237a7       0x11 ./Drivers/sleep.o
 .debug_macro   0x000237b8       0x19 ./Drivers/sleep.o
 .debug_macro   0x000237d1       0x2d ./Drivers/sleep.o
 .debug_macro   0x000237fe       0x17 ./Drivers/sleep.o
 .debug_macro   0x00023815       0x58 ./Drivers/sleep.o
 .debug_macro   0x0002386d       0x35 ./Drivers/sleep.o
 .debug_macro   0x000238a2       0x9c ./Drivers/sleep.o
 .debug_macro   0x0002393e       0x16 ./Drivers/sleep.o
 .debug_macro   0x00023954      0x10e ./Drivers/sleep.o
 .debug_macro   0x00023a62       0x86 ./Drivers/sleep.o
 .debug_macro   0x00023ae8       0x58 ./Drivers/sleep.o
 .debug_macro   0x00023b40       0x1f ./Drivers/sleep.o
 .debug_macro   0x00023b5f       0x43 ./Drivers/sleep.o
 .debug_macro   0x00023ba2       0x20 ./Drivers/sleep.o
 .debug_macro   0x00023bc2      0x18e ./Drivers/sleep.o
 .debug_macro   0x00023d50      0x34d ./Drivers/sleep.o
 .debug_macro   0x0002409d       0x22 ./Drivers/sleep.o
 .debug_macro   0x000240bf      0x1a3 ./FreeRTOS/efm32gg/heap_1.o
 .debug_macro   0x00024262      0x182 ./FreeRTOS/efm32gg/list.o
 .debug_macro   0x000243e4      0x187 ./FreeRTOS/efm32gg/port_gcc.o
 .debug_macro   0x0002456b      0x1f6 ./FreeRTOS/efm32gg/queue.o
 .debug_macro   0x00024761       0x16 ./FreeRTOS/efm32gg/queue.o
 .debug_macro   0x00024777       0x35 ./FreeRTOS/efm32gg/queue.o
 .debug_macro   0x000247ac       0x95 ./FreeRTOS/efm32gg/queue.o
 .debug_macro   0x00024841      0x258 ./FreeRTOS/efm32gg/tasks.o
 .debug_macro   0x00024a99       0x11 ./FreeRTOS/efm32gg/tasks.o
 .debug_macro   0x00024aaa      0x1bf ./FreeRTOS/efm32gg/timers.o
 .debug_macro   0x00024c69       0x23 ./emlib/em_assert.o
 .debug_macro   0x00024c8c      0x29b ./emlib/em_burtc.o
 .debug_macro   0x00024f27       0x3b ./emlib/em_burtc.o
 .debug_macro   0x00024f62      0x367 ./emlib/em_cmu.o
 .debug_macro   0x000252c9       0x25 ./emlib/em_cmu.o
 .debug_macro   0x000252ee       0xee ./emlib/em_cmu.o
 .debug_macro   0x000253dc       0x1f ./emlib/em_cmu.o
 .debug_macro   0x000253fb      0x2c0 ./emlib/em_core.o
 .debug_macro   0x000256bb      0x367 ./emlib/em_emu.o
 .debug_macro   0x00025a22       0xbd ./emlib/em_emu.o
 .debug_macro   0x00025adf       0xc0 ./emlib/em_emu.o
 .debug_macro   0x00025b9f      0x2a7 ./emlib/em_gpio.o
 .debug_macro   0x00025e46      0x32d ./emlib/em_rmu.o
 .debug_macro   0x00026173      0x295 ./emlib/em_system.o
 .debug_macro   0x00026408      0x363 ./src/low_power_tick_management.o
 .debug_macro   0x0002676b       0x16 ./src/low_power_tick_management.o
 .debug_macro   0x00026781       0x41 ./src/low_power_tick_management.o
 .debug_macro   0x000267c2      0x4d0 ./src/main.o
 .debug_macro   0x00026c92       0x16 ./src/main.o
 .debug_macro   0x00026ca8       0x97 ./src/main.o
 .debug_macro   0x00026d3f       0xf6 ./src/main.o
 .debug_macro   0x00026e35       0x10 ./src/main.o
 .debug_macro   0x00026e45       0x10 ./src/main.o
 .debug_macro   0x00026e55       0xb6 ./src/main.o
 .debug_macro   0x00026f0b       0x16 ./src/main.o
 .debug_macro   0x00026f21      0x129 ./src/main.o
 .debug_macro   0x0002704a       0x63 ./src/main.o
 .debug_macro   0x000270ad       0x45 ./src/main.o

.debug_line     0x00000000     0xc063
 .debug_line    0x00000000      0xb67 ./BSP/bsp_stk_leds.o
 .debug_line    0x00000b67      0x93a ./BSP/bsp_trace.o
 .debug_line    0x000014a1       0x72 ./CMSIS/EFM32GG/startup_gcc_efm32gg.o
 .debug_line    0x00001513      0x835 ./CMSIS/EFM32GG/system_efm32gg.o
 .debug_line    0x00001d48      0xa35 ./Drivers/sleep.o
 .debug_line    0x0000277d      0x58f ./FreeRTOS/efm32gg/heap_1.o
 .debug_line    0x00002d0c      0x5a4 ./FreeRTOS/efm32gg/list.o
 .debug_line    0x000032b0      0x61b ./FreeRTOS/efm32gg/port_gcc.o
 .debug_line    0x000038cb      0xa62 ./FreeRTOS/efm32gg/queue.o
 .debug_line    0x0000432d      0xe7f ./FreeRTOS/efm32gg/tasks.o
 .debug_line    0x000051ac      0x7e7 ./FreeRTOS/efm32gg/timers.o
 .debug_line    0x00005993      0x12f ./emlib/em_assert.o
 .debug_line    0x00005ac2      0x976 ./emlib/em_burtc.o
 .debug_line    0x00006438     0x1119 ./emlib/em_cmu.o
 .debug_line    0x00007551      0xb5f ./emlib/em_core.o
 .debug_line    0x000080b0      0xc0f ./emlib/em_emu.o
 .debug_line    0x00008cbf      0xa98 ./emlib/em_gpio.o
 .debug_line    0x00009757      0x8a0 ./emlib/em_rmu.o
 .debug_line    0x00009ff7      0x817 ./emlib/em_system.o
 .debug_line    0x0000a80e      0xb7c ./src/low_power_tick_management.o
 .debug_line    0x0000b38a      0xcd9 ./src/main.o

.debug_str      0x00000000    0xe2fee
 .debug_str     0x00000000    0xd49ec ./BSP/bsp_stk_leds.o
                              0xd5026 (size before relaxing)
 .debug_str     0x000d49ec      0x398 ./BSP/bsp_trace.o
                              0xd50e8 (size before relaxing)
 .debug_str     0x000d4d84       0x36 ./CMSIS/EFM32GG/startup_gcc_efm32gg.o
                                 0x5f (size before relaxing)
 .debug_str     0x000d4dba      0x26b ./CMSIS/EFM32GG/system_efm32gg.o
                              0xd2e84 (size before relaxing)
 .debug_str     0x000d5025     0x3a22 ./Drivers/sleep.o
                              0xd6952 (size before relaxing)
 .debug_str     0x000d8a47     0x3735 ./FreeRTOS/efm32gg/heap_1.o
                               0xa3ba (size before relaxing)
 .debug_str     0x000dc17c      0x13d ./FreeRTOS/efm32gg/list.o
                               0x9e26 (size before relaxing)
 .debug_str     0x000dc2b9      0x6ef ./FreeRTOS/efm32gg/port_gcc.o
                               0x7bcf (size before relaxing)
 .debug_str     0x000dc9a8      0xeeb ./FreeRTOS/efm32gg/queue.o
                               0xb312 (size before relaxing)
 .debug_str     0x000dd893     0x190e ./FreeRTOS/efm32gg/tasks.o
                               0xbe43 (size before relaxing)
 .debug_str     0x000df1a1      0x406 ./FreeRTOS/efm32gg/timers.o
                               0xb80a (size before relaxing)
 .debug_str     0x000df5a7       0x1f ./emlib/em_assert.o
                               0x2d7b (size before relaxing)
 .debug_str     0x000df5c6      0x389 ./emlib/em_burtc.o
                              0xd2f7a (size before relaxing)
 .debug_str     0x000df94f      0xe97 ./emlib/em_cmu.o
                              0xd6cb6 (size before relaxing)
 .debug_str     0x000e07e6      0x5f4 ./emlib/em_core.o
                              0xd3ad1 (size before relaxing)
 .debug_str     0x000e0dda      0x58b ./emlib/em_emu.o
                              0xd6dd7 (size before relaxing)
 .debug_str     0x000e1365      0x1fb ./emlib/em_gpio.o
                              0xd36de (size before relaxing)
 .debug_str     0x000e1560      0x43d ./emlib/em_rmu.o
                              0xd343f (size before relaxing)
 .debug_str     0x000e199d       0xac ./emlib/em_system.o
                              0xd2f73 (size before relaxing)
 .debug_str     0x000e1a49       0xd7 ./src/low_power_tick_management.o
                              0xd8ae0 (size before relaxing)
 .debug_str     0x000e1b20     0x14ce ./src/main.o
                              0xdc356 (size before relaxing)

.debug_frame    0x00000000     0x2b58
 .debug_frame   0x00000000      0x1c4 ./BSP/bsp_stk_leds.o
 .debug_frame   0x000001c4       0x50 ./BSP/bsp_trace.o
 .debug_frame   0x00000214      0x180 ./CMSIS/EFM32GG/system_efm32gg.o
 .debug_frame   0x00000394      0x170 ./Drivers/sleep.o
 .debug_frame   0x00000504       0x98 ./FreeRTOS/efm32gg/heap_1.o
 .debug_frame   0x0000059c       0xd8 ./FreeRTOS/efm32gg/list.o
 .debug_frame   0x00000674      0x178 ./FreeRTOS/efm32gg/port_gcc.o
 .debug_frame   0x000007ec      0x3c4 ./FreeRTOS/efm32gg/queue.o
 .debug_frame   0x00000bb0      0x6f4 ./FreeRTOS/efm32gg/tasks.o
 .debug_frame   0x000012a4      0x2d8 ./FreeRTOS/efm32gg/timers.o
 .debug_frame   0x0000157c       0x2c ./emlib/em_assert.o
 .debug_frame   0x000015a8      0x1ec ./emlib/em_burtc.o
 .debug_frame   0x00001794      0x66c ./emlib/em_cmu.o
 .debug_frame   0x00001e00      0x3c4 ./emlib/em_core.o
 .debug_frame   0x000021c4      0x3a0 ./emlib/em_emu.o
 .debug_frame   0x00002564      0x1cc ./emlib/em_gpio.o
 .debug_frame   0x00002730      0x110 ./emlib/em_rmu.o
 .debug_frame   0x00002840       0x5c ./emlib/em_system.o
 .debug_frame   0x0000289c      0x168 ./src/low_power_tick_management.o
 .debug_frame   0x00002a04       0x98 ./src/main.o
 .debug_frame   0x00002a9c       0x28 c:/siliconlabs/simplicitystudio/v4/developer/toolchains/gnu_arm/7.2_2017q4/bin/../lib/gcc/arm-none-eabi/7.2.1/../../../../arm-none-eabi/lib/thumb/v7-m\libc_nano.a(lib_a-exit.o)
 .debug_frame   0x00002ac4       0x2c c:/siliconlabs/simplicitystudio/v4/developer/toolchains/gnu_arm/7.2_2017q4/bin/../lib/gcc/arm-none-eabi/7.2.1/../../../../arm-none-eabi/lib/thumb/v7-m\libc_nano.a(lib_a-init.o)
 .debug_frame   0x00002af0       0x28 c:/siliconlabs/simplicitystudio/v4/developer/toolchains/gnu_arm/7.2_2017q4/bin/../lib/gcc/arm-none-eabi/7.2.1/../../../../arm-none-eabi/lib/thumb/v7-m\libc_nano.a(lib_a-memcpy-stub.o)
 .debug_frame   0x00002b18       0x20 c:/siliconlabs/simplicitystudio/v4/developer/toolchains/gnu_arm/7.2_2017q4/bin/../lib/gcc/arm-none-eabi/7.2.1/../../../../arm-none-eabi/lib/thumb/v7-m\libc_nano.a(lib_a-memset.o)
 .debug_frame   0x00002b38       0x20 c:/siliconlabs/simplicitystudio/v4/developer/toolchains/gnu_arm/7.2_2017q4/bin/../lib/gcc/arm-none-eabi/7.2.1/../../../../arm-none-eabi/lib/thumb/v7-m\libnosys.a(_exit.o)
